// Jest Snapshot v1, https://goo.gl/fbAQLP

exports[`renders correctly 1`] = `
<a
  className="ui fluid button"
  href="/some-link"
  onClick={[Function]}
  role="button"
>
  <i
    aria-hidden="true"
    className="cog icon"
  />
  click me
</a>
`;
